Sensitivity run: 10000 replications, steps [1, 2, 3, 4, 5, 6, 7, 8, 9, 10, 11, 12, 13, 14, 15, 16, 17, 18, 19, 20, 21, 22, 23, 24, 25, 26, 27, 28, 29, 30, 31], breakpoints Rational{Int64}[1//2, 2//3, 3//4, 5//6, 7//8, 1//1], seed 628, 4 threads
Step 1 (0 selfish teams) done in 132.3 s
Step 2 (1 selfish teams) done in 131.6 s
Step 3 (2 selfish teams) done in 109.6 s
Step 4 (3 selfish teams) done in 106.1 s
Step 5 (4 selfish teams) done in 105.9 s
Step 6 (5 selfish teams) done in 105.9 s
Step 7 (6 selfish teams) done in 106.9 s
Step 8 (7 selfish teams) done in 106.6 s
Step 9 (8 selfish teams) done in 97.7 s
Step 10 (9 selfish teams) done in 74.9 s
Step 11 (10 selfish teams) done in 76.5 s
Step 12 (11 selfish teams) done in 78.8 s
Step 13 (12 selfish teams) done in 80.7 s
Step 14 (13 selfish teams) done in 80.9 s
Step 15 (14 selfish teams) done in 82.3 s
Step 16 (15 selfish teams) done in 84.8 s
Step 17 (16 selfish teams) done in 87.0 s
Step 18 (17 selfish teams) done in 89.3 s
Step 19 (18 selfish teams) done in 89.4 s
Step 20 (19 selfish teams) done in 90.7 s
Step 21 (20 selfish teams) done in 89.4 s
Step 22 (21 selfish teams) done in 88.6 s
Step 23 (22 selfish teams) done in 91.6 s
Step 24 (23 selfish teams) done in 91.2 s
Step 25 (24 selfish teams) done in 89.9 s
Step 26 (25 selfish teams) done in 92.9 s
Step 27 (26 selfish teams) done in 92.6 s
Step 28 (27 selfish teams) done in 93.3 s
Step 29 (28 selfish teams) done in 93.1 s
Step 30 (29 selfish teams) done in 93.4 s
Step 31 (30 selfish teams) done in 93.3 s
Check: max |games tanked (keep) - games tanked (stop)| = 0.0 (must be 0)
Check: max |Kendall tau (keep) - Kendall tau (stop)| at delta = T: 0.0 (must be 0)

Average change in Kendall tau (stop - keep), with standard errors:
     selfish              1//2              2//3              3//4              5//6              7//8              1//1
           0     0.000 (0.000)     0.000 (0.000)     0.000 (0.000)     0.000 (0.000)     0.000 (0.000)     0.000 (0.000)
           1    -0.012 (0.014)    -0.016 (0.013)    -0.014 (0.012)    -0.009 (0.012)     0.005 (0.011)     0.000 (0.000)
           2     0.002 (0.018)    -0.003 (0.016)    -0.005 (0.016)    -0.002 (0.015)    -0.016 (0.014)     0.000 (0.000)
           3    -0.007 (0.020)    -0.019 (0.018)     0.002 (0.017)     0.010 (0.016)     0.025 (0.016)     0.000 (0.000)
           4    -0.031 (0.022)     0.005 (0.019)     0.040 (0.019)     0.037 (0.018)     0.023 (0.017)     0.000 (0.000)
           5    -0.019 (0.023)    -0.006 (0.020)     0.019 (0.019)     0.039 (0.018)     0.026 (0.017)     0.000 (0.000)
           6     0.024 (0.023)     0.007 (0.020)     0.043 (0.020)     0.033 (0.018)     0.065 (0.018)     0.000 (0.000)
           7     0.009 (0.024)     0.013 (0.021)     0.026 (0.020)     0.036 (0.019)     0.023 (0.018)     0.000 (0.000)
           8     0.022 (0.024)     0.016 (0.021)     0.034 (0.020)     0.041 (0.019)     0.025 (0.018)     0.000 (0.000)
           9    -0.010 (0.024)    -0.006 (0.021)     0.034 (0.020)     0.038 (0.019)     0.045 (0.018)     0.000 (0.000)
          10     0.015 (0.024)     0.031 (0.022)     0.038 (0.020)     0.042 (0.019)     0.034 (0.018)     0.000 (0.000)
          11     0.026 (0.024)     0.037 (0.021)     0.060 (0.020)     0.072 (0.019)     0.058 (0.019)     0.000 (0.000)
          12    -0.003 (0.024)     0.041 (0.022)     0.063 (0.021)     0.089 (0.019)     0.077 (0.018)     0.000 (0.000)
          13     0.018 (0.024)     0.034 (0.022)     0.049 (0.021)     0.058 (0.019)     0.045 (0.018)     0.000 (0.000)
          14     0.035 (0.025)     0.038 (0.022)     0.071 (0.021)     0.084 (0.019)     0.090 (0.018)     0.000 (0.000)
          15     0.001 (0.025)    -0.005 (0.022)     0.055 (0.021)     0.049 (0.019)     0.070 (0.018)     0.000 (0.000)
          16     0.005 (0.024)     0.046 (0.022)     0.057 (0.021)     0.089 (0.019)     0.082 (0.018)     0.000 (0.000)
          17     0.002 (0.024)     0.037 (0.021)     0.061 (0.020)     0.076 (0.019)     0.058 (0.018)     0.000 (0.000)
          18     0.076 (0.025)     0.092 (0.022)     0.095 (0.021)     0.086 (0.019)     0.087 (0.019)     0.000 (0.000)
          19     0.051 (0.025)     0.096 (0.022)     0.085 (0.021)     0.086 (0.019)     0.112 (0.019)     0.000 (0.000)
          20     0.071 (0.024)     0.096 (0.022)     0.111 (0.021)     0.137 (0.019)     0.120 (0.018)     0.000 (0.000)
          21     0.034 (0.025)     0.086 (0.022)     0.107 (0.021)     0.116 (0.020)     0.106 (0.019)     0.000 (0.000)
          22     0.000 (0.025)     0.082 (0.023)     0.082 (0.021)     0.117 (0.020)     0.107 (0.020)     0.000 (0.000)
          23     0.085 (0.025)     0.100 (0.022)     0.102 (0.022)     0.125 (0.020)     0.108 (0.019)     0.000 (0.000)
          24     0.038 (0.025)     0.095 (0.022)     0.070 (0.022)     0.136 (0.020)     0.137 (0.019)     0.000 (0.000)
          25     0.036 (0.025)     0.086 (0.022)     0.118 (0.021)     0.106 (0.020)     0.138 (0.019)     0.000 (0.000)
          26     0.067 (0.024)     0.099 (0.022)     0.123 (0.021)     0.122 (0.020)     0.117 (0.019)     0.000 (0.000)
          27     0.072 (0.025)     0.128 (0.023)     0.135 (0.022)     0.168 (0.020)     0.155 (0.019)     0.000 (0.000)
          28     0.032 (0.026)     0.112 (0.023)     0.142 (0.022)     0.164 (0.020)     0.185 (0.019)     0.000 (0.000)
          29     0.021 (0.025)     0.090 (0.022)     0.109 (0.021)     0.142 (0.020)     0.148 (0.019)     0.000 (0.000)
          30     0.039 (0.025)     0.101 (0.022)     0.137 (0.021)     0.162 (0.020)     0.150 (0.019)     0.000 (0.000)

Results written to results/sensitivity_10000
